[INFO] Scanning for projects...
[WARNING] 
[WARNING] Some problems were encountered while building the effective model for com.cicdproject:backend:jar:0.0.1-SNAPSHOT
[WARNING] 'dependencies.dependency.(groupId:artifactId:type:classifier)' must be unique: org.springframework.boot:spring-boot-starter-security:jar -> duplicate declaration of version (?) @ line 71, column 13
[WARNING] 
[WARNING] It is highly recommended to fix these problems because they threaten the stability of your build.
[WARNING] 
[WARNING] For this reason, future Maven versions might no longer support building such malformed projects.
[WARNING] 
[INFO] 
[INFO] ----------------------< com.cicdproject:backend >-----------------------
[INFO] Building backend 0.0.1-SNAPSHOT
[INFO]   from pom.xml
[INFO] --------------------------------[ jar ]---------------------------------
[INFO] 
[INFO] --- clean:3.4.1:clean (default-clean) @ backend ---
[INFO] Deleting C:\Users\bhuva\Desktop\CICD Project\backend\target
[INFO] 
[INFO] --- resources:3.3.1:resources (default-resources) @ backend ---
[INFO] Copying 1 resource from src\main\resources to target\classes
[INFO] Copying 0 resource from src\main\resources to target\classes
[INFO] 
[INFO] --- compiler:3.14.0:compile (default-compile) @ backend ---
[INFO] Recompiling the module because of changed source code.
[INFO] Compiling 9 source files with javac [debug parameters release 17] to target\classes
[INFO] /C:/Users/bhuva/Desktop/CICD Project/backend/src/main/java/com/cicdproject/backend/security/SecurityConfig.java: C:\Users\bhuva\Desktop\CICD Project\backend\src\main\java\com\cicdproject\backend\security\SecurityConfig.java uses or overrides a deprecated API.
[INFO] /C:/Users/bhuva/Desktop/CICD Project/backend/src/main/java/com/cicdproject/backend/security/SecurityConfig.java: Recompile with -Xlint:deprecation for details.
[INFO] -------------------------------------------------------------
[ERROR] COMPILATION ERROR : 
[INFO] -------------------------------------------------------------
[ERROR] /C:/Users/bhuva/Desktop/CICD Project/backend/src/main/java/com/cicdproject/backend/service/AuthService.java:[17,8] duplicate class: com.cicdproject.backend.service.AuthService
[ERROR] /C:/Users/bhuva/Desktop/CICD Project/backend/src/main/java/com/cicdproject/backend/security/AuthService.java:[5,40] cannot find symbol
  symbol:   class JwtUtil
  location: package com.cicdproject.backend.security
[ERROR] /C:/Users/bhuva/Desktop/CICD Project/backend/src/main/java/com/cicdproject/backend/security/AuthService.java:[20,19] cannot find symbol
  symbol:   class JwtUtil
  location: class com.cicdproject.backend.service.AuthService
[ERROR] /C:/Users/bhuva/Desktop/CICD Project/backend/src/main/java/com/cicdproject/backend/security/AuthService.java:[24,13] cannot find symbol
  symbol:   class JwtUtil
  location: class com.cicdproject.backend.service.AuthService
[ERROR] /C:/Users/bhuva/Desktop/CICD Project/backend/src/main/java/com/cicdproject/backend/security/JwtAuthenticationFilter.java:[22,19] cannot find symbol
  symbol:   class JwtUtil
  location: class com.cicdproject.backend.security.JwtAuthenticationFilter
[ERROR] /C:/Users/bhuva/Desktop/CICD Project/backend/src/main/java/com/cicdproject/backend/security/JwtAuthenticationFilter.java:[25,36] cannot find symbol
  symbol:   class JwtUtil
  location: class com.cicdproject.backend.security.JwtAuthenticationFilter
[ERROR] /C:/Users/bhuva/Desktop/CICD Project/backend/src/main/java/com/cicdproject/backend/security/SecurityConfig.java:[20,19] cannot find symbol
  symbol:   class JwtAuthenticationFilter
  location: class com.yourpackage.security.SecurityConfig
[ERROR] /C:/Users/bhuva/Desktop/CICD Project/backend/src/main/java/com/cicdproject/backend/security/SecurityConfig.java:[23,27] cannot find symbol
  symbol:   class JwtAuthenticationFilter
  location: class com.yourpackage.security.SecurityConfig
[ERROR] /C:/Users/bhuva/Desktop/CICD Project/backend/src/main/java/com/cicdproject/backend/service/AuthService.java:[3,29] package com.yourpackage.model does not exist
[ERROR] /C:/Users/bhuva/Desktop/CICD Project/backend/src/main/java/com/cicdproject/backend/service/AuthService.java:[4,34] package com.yourpackage.repository does not exist
[ERROR] /C:/Users/bhuva/Desktop/CICD Project/backend/src/main/java/com/cicdproject/backend/service/AuthService.java:[5,32] cannot find symbol
  symbol:   class JwtUtil
  location: package com.yourpackage.security
[INFO] 11 errors 
[INFO] -------------------------------------------------------------
[INFO] ------------------------------------------------------------------------
[INFO] BUILD FAILURE
[INFO] ------------------------------------------------------------------------
[INFO] Total time:  4.495 s
[INFO] Finished at: 2025-09-21T22:30:27+05:30
[INFO] ------------------------------------------------------------------------
[ERROR] Failed to execute goal org.apache.maven.plugins:maven-compiler-plugin:3.14.0:compile (default-compile) on project backend: Compilation failure: Compilation failure: 
[ERROR] /C:/Users/bhuva/Desktop/CICD Project/backend/src/main/java/com/cicdproject/backend/service/AuthService.java:[17,8] duplicate class: com.cicdproject.backend.service.AuthService
[ERROR] /C:/Users/bhuva/Desktop/CICD Project/backend/src/main/java/com/cicdproject/backend/security/AuthService.java:[5,40] cannot find symbol
[ERROR]   symbol:   class JwtUtil
[ERROR]   location: package com.cicdproject.backend.security
[ERROR] /C:/Users/bhuva/Desktop/CICD Project/backend/src/main/java/com/cicdproject/backend/security/AuthService.java:[20,19] cannot find symbol
[ERROR]   symbol:   class JwtUtil
[ERROR]   location: class com.cicdproject.backend.service.AuthService
[ERROR] /C:/Users/bhuva/Desktop/CICD Project/backend/src/main/java/com/cicdproject/backend/security/AuthService.java:[24,13] cannot find symbol
[ERROR]   symbol:   class JwtUtil
[ERROR]   location: class com.cicdproject.backend.service.AuthService
[ERROR] /C:/Users/bhuva/Desktop/CICD Project/backend/src/main/java/com/cicdproject/backend/security/JwtAuthenticationFilter.java:[22,19] cannot find symbol
[ERROR]   symbol:   class JwtUtil
[ERROR]   location: class com.cicdproject.backend.security.JwtAuthenticationFilter
[ERROR] /C:/Users/bhuva/Desktop/CICD Project/backend/src/main/java/com/cicdproject/backend/security/JwtAuthenticationFilter.java:[25,36] cannot find symbol
[ERROR]   symbol:   class JwtUtil
[ERROR]   location: class com.cicdproject.backend.security.JwtAuthenticationFilter
[ERROR] /C:/Users/bhuva/Desktop/CICD Project/backend/src/main/java/com/cicdproject/backend/security/SecurityConfig.java:[20,19] cannot find symbol
[ERROR]   symbol:   class JwtAuthenticationFilter
[ERROR]   location: class com.yourpackage.security.SecurityConfig
[ERROR] /C:/Users/bhuva/Desktop/CICD Project/backend/src/main/java/com/cicdproject/backend/security/SecurityConfig.java:[23,27] cannot find symbol
[ERROR]   symbol:   class JwtAuthenticationFilter
[ERROR]   location: class com.yourpackage.security.SecurityConfig
[ERROR] /C:/Users/bhuva/Desktop/CICD Project/backend/src/main/java/com/cicdproject/backend/service/AuthService.java:[3,29] package com.yourpackage.model does not exist
[ERROR] /C:/Users/bhuva/Desktop/CICD Project/backend/src/main/java/com/cicdproject/backend/service/AuthService.java:[4,34] package com.yourpackage.repository does not exist
[ERROR] /C:/Users/bhuva/Desktop/CICD Project/backend/src/main/java/com/cicdproject/backend/service/AuthService.java:[5,32] cannot find symbol
[ERROR]   symbol:   class JwtUtil
[ERROR]   location: package com.yourpackage.security
[ERROR] -> [Help 1]
[ERROR] 
[ERROR] To see the full stack trace of the errors, re-run Maven with the -e switch.
[ERROR] Re-run Maven using the -X switch to enable full debug logging.
[ERROR] 
[ERROR] For more information about the errors and possible solutions, please read the following articles:
[ERROR] [Help 1] http://cwiki.apache.org/confluence/display/MAVEN/MojoFailureException
